src/routes/users.ts(98,39): error TS2339: Property 'targetId' does not exist on type '{ id: string; }'.
